# serializer version: 1
# name: test_about
  dict({
    'acr_values_supported': list([
      'https://identity.vwgroup.io/assurance/loa-2',
      'https://identity.vwgroup.io/assurance/loa-3',
    ]),
    'authorization_endpoint': 'https://identity.vwgroup.io/oidc/v1/authorize',
    'claims_supported': list([
      'iss',
      'sub',
      'aud',
      'iat',
      'exp',
      'nonce',
      'name',
      'email',
      'email_verified',
      'phone_number',
      'phone_number_verified',
      'updated_at',
    ]),
    'code_challenge_methods_supported': list([
      'S256',
    ]),
    'end_session_endpoint': 'https://identity.vwgroup.io/oidc/v1/logout',
    'grant_types_supported': list([
      'authorization_code',
      'refresh_token',
      'client_credentials',
      'password',
      'urn:ietf:params:oauth:grant-type:device_code',
      'urn:ietf:params:oauth:grant-type:token-exchange',
    ]),
    'id_token_signing_alg_values_supported': list([
      'RS256',
    ]),
    'issuer': 'https://identity.vwgroup.io',
    'jwks_uri': 'https://identity.vwgroup.io/v1/jwks',
    'response_types_supported': list([
      'code',
      'token',
      'id_token',
      'code token',
      'code id_token',
      'token id_token',
      'code token id_token',
    ]),
    'revocation_endpoint': 'https://identity.vwgroup.io/oidc/v1/revoke',
    'scopes_supported': list([
      'openid',
      'profile',
      'name',
      'badge',
      'preferred_language',
      'picture',
      'nickname',
      'gallery',
      'email',
      'birthdate',
      'address',
      'aboutMe',
      'userMileagePerYear',
      'phone',
      'vin',
      'healthReport',
      'nationality',
      'ecus',
      'wl_raw',
      'warning_lights',
      'profession',
      'nationalIdentifier',
      'driversLicense',
      'cars',
      'carConfigurations',
      'dealers',
      'mbb',
      'preferred_timezone',
      'parking_position',
      'lock_unlock',
      'doors_windows',
      'we_connect_vehicles',
      'battery',
      'errors',
      'intExtTemperature',
      'carMeasurements',
      'navigation',
      'vehicleOnlineCapabilities',
      'manageDestinations',
      'birthplace',
      'charging',
      'climatisation',
      'manageCharging',
      'manageClimatisation',
      'vehicleLights',
      'range',
      'mileage',
      'fuelLevels',
      'affinity',
      'digitalKey',
      'serviceScheduling',
      'tripStatistics',
      'rssFeeds',
      'messageCenter',
      'carComfortSetup',
      'serviceInterval',
      'assistantSystems',
      '12vBattery',
      'highVoltageBattery',
      'maintenance',
      'ecusMetaData',
      'climatisationProfile',
      'ignitionStatus',
      'plugAndCharge',
      'parkingBrakeStatus',
      'oilLevels',
      'beltLockStatus',
      'honk',
      'flashLights',
      'marketplace',
      'myPlaces',
      'gpsPosition',
      'vehicleSpeed',
      'skoda_connect_vehicles',
      'product_observation',
      'product_analysis',
      'verified_data',
      'theftalarm',
      'childPresenceAlert',
      'PrM_CDC_silent_mode',
      'Skoda_wishlist',
      'Skoda_leads',
      'remote_start',
      'gamloy',
    ]),
    'subject_types_supported': list([
      'public',
    ]),
    'token_endpoint': 'https://identity.vwgroup.io/oidc/v1/token',
    'token_endpoint_auth_methods_supported': list([
      'client_secret_basic',
      'client_secret_post',
    ]),
    'ui_locales_supported': list([
      'bg',
      'cs',
      'da',
      'de',
      'el',
      'en',
      'en-US',
      'en-GB',
      'es',
      'et',
      'fi',
      'fr',
      'hr',
      'hu',
      'is',
      'it',
      'ja',
      'ko',
      'lt',
      'lv',
      'mk',
      'nl',
      'no',
      'pl',
      'pt',
      'ro',
      'ru',
      'sk',
      'sl',
      'sq',
      'sr',
      'sv',
      'tr',
      'uk',
      'zh',
    ]),
    'userinfo_endpoint': 'https://identity-userinfo.vwgroup.io/oidc/userinfo',
  })
# ---
